[INFO] Scanning for projects...
[INFO] 
[INFO] ----------------< com.example:asset-maintenance-system >----------------
[INFO] Building Asset Maintenance Management System 1.0.0
[INFO]   from pom.xml
[INFO] --------------------------------[ jar ]---------------------------------
[INFO] 
[INFO] --- clean:3.3.2:clean (default-clean) @ asset-maintenance-system ---
[INFO] Deleting e:\spring\asset-maintenance-system\target
[INFO] 
[INFO] --- resources:3.3.1:resources (default-resources) @ asset-maintenance-system ---
[INFO] Copying 1 resource from src\main\resources to target\classes
[INFO] Copying 0 resource from src\main\resources to target\classes
[INFO] 
[INFO] --- compiler:3.11.0:compile (default-compile) @ asset-maintenance-system ---
[INFO] Changes detected - recompiling the module! :source
[INFO] Compiling 8 source files with javac [debug release 17] to target\classes
[INFO] 
[INFO] --- resources:3.3.1:testResources (default-testResources) @ asset-maintenance-system ---
[INFO] skip non existing resourceDirectory e:\spring\asset-maintenance-system\src\test\resources
[INFO] 
[INFO] --- compiler:3.11.0:testCompile (default-testCompile) @ asset-maintenance-system ---
[INFO] Changes detected - recompiling the module! :dependency
[INFO] Compiling 1 source file with javac [debug release 17] to target\test-classes
[INFO] 
[INFO] --- surefire:3.1.2:test (default-test) @ asset-maintenance-system ---
[INFO] Using auto detected provider org.apache.maven.surefire.junitplatform.JUnitPlatformProvider
[INFO] 
[INFO] -------------------------------------------------------
[INFO]  T E S T S
[INFO] -------------------------------------------------------
[INFO] Running com.example.assetmaintenance.service.AssetServiceImplTest
mvn.cmd : OpenJDK 64-Bit 
Server VM warning: Sharing 
is only supported for boot 
loader classes because 
bootstrap classpath has been 
appended
At line:1 char:149
+ ... n\mvn.cmd"; & $mvn 
clean test -f "e:\spring\asse
t-maintenance-system\ ...
+                 ~~~~~~~~~~~
~~~~~~~~~~~~~~~~~~~~~~~~~~~~~
~~~~~~~~~~~~~~~~~
    + CategoryInfo           
   : NotSpecified: (OpenJDK  
   64-Bit ...s been append   
 ed:String) [], RemoteExc    
eption
    + FullyQualifiedErrorId  
   : NativeCommandError
 
15:11:19.847 [main] INFO com.example.assetmaintenance.service.AssetServiceImpl -- Asset ID: 1 deleted successfully
15:11:19.895 [main] INFO com.example.assetmaintenance.service.AssetServiceImpl -- Asset created with ID: 1
15:11:19.907 [main] INFO com.example.assetmaintenance.service.AssetServiceImpl -- Asset ID: 1 status updated to 'UNDER_MAINTENANCE'
[INFO] Tests run: 8, Failures: 0, Errors: 0, Skipped: 0, Time elapsed: 2.544 s -- in com.example.assetmaintenance.service.AssetServiceImplTest
[INFO] 
[INFO] Results:
[INFO] 
[INFO] Tests run: 8, Failures: 0, Errors: 0, Skipped: 0
[INFO] 
[INFO] ------------------------------------------------------------------------
[INFO] BUILD SUCCESS
[INFO] ------------------------------------------------------------------------
[INFO] Total time:  12.095 s
[INFO] Finished at: 2026-03-03T15:11:20+05:30
[INFO] ------------------------------------------------------------------------
